// Jest Snapshot v1, https://goo.gl/fbAQLP

exports[`playPauseKeyActive should handle PLAY_PAUSE_ACTIVATED 1`] = `true`;

exports[`playPauseKeyActive should handle PLAY_PAUSE_DEACTIVATED 1`] = `false`;

exports[`playPauseKeyActive should handle initial state 1`] = `false`;

exports[`playPauseKeyActive should handle unknown action type 1`] = `true`;
